­ƒôØ Building 28 blog posts...
  ­ƒöä Translating 30-question-security-audit-checklist-sme-it-managers...
node :   ÔÜá´©Å  Translation failed for: 30-Question Security Audit Che...
Au caractère Ligne:1 : 1
+ node scripts/build-blog.js > build_output.txt 2>&1; Get-Content build ...
+ ~~~~~~~~~~~~~~~~~~~~~~~~~~~~~~~~~~~~~~~~~~~~~~~~~~
    + CategoryInfo          : NotSpecified: (  ÔÜá´©Å  Trans...ty Audit Che... 
   :String) [], RemoteException
    + FullyQualifiedErrorId : NativeCommandError
 
  ÔÜá´©Å  Translation failed for: A lightweight quarterly securi...
  ÔÜá´©Å  Translation failed for: SME...
  ÔÜá´©Å  Translation failed for: checklist...
  ÔÜá´©Å  Translation failed for: security-audit...
  ÔÜá´©Å  Translation failed for: audit-checklist...
  ÔÜá´©Å  Translation failed for: Security...
  ÔÜá´©Å  Translation failed for: IT manager reviewing a securit...
  ÔÜá´©Å  Translation failed for: Intro...
  ÔÜá´©Å  Translation failed for: 
Security audits donÔÇÖt have to...
  ÔÜá´©Å  Translation failed for: Quick take...
  ÔÜá´©Å  Translation failed for: Define scope and ÔÇ£crown jewels...
  ÔÜá´©Å  Translation failed for: Ask for evidence (screenshots,...
  ÔÜá´©Å  Translation failed for: Prioritize identity, patching,...
  ÔÜá´©Å  Translation failed for: Turn findings into owners, due...
  ÔÜá´©Å  Translation failed for: Repeat on a cadence (quarterly...
  ÔÜá´©Å  Translation failed for: 1) Set the audit scope: system...
  ÔÜá´©Å  Translation failed for: 
A good SME audit starts with ...
  ÔÜá´©Å  Translation failed for: List your critical business se...
  ÔÜá´©Å  Translation failed for: Identify your ÔÇ£crown jewelÔÇØ da...
  ÔÜá´©Å  Translation failed for: Map where that data lives: end...
  ÔÜá´©Å  Translation failed for: Define risk tolerance in plain...
  ÔÜá´©Å  Translation failed for: Example: If your customer data...
  ÔÜá´©Å  Translation failed for: 
Deliverable to produce:
...
  ÔÜá´©Å  Translation failed for: A one-page scope document: in-...
  ÔÜá´©Å  Translation failed for: 2) Collect evidence efficientl...
  ÔÜá´©Å  Translation failed for: 
Audits fail when they rely on...
  ÔÜá´©Å  Translation failed for: Screenshots of key settings (M...
  ÔÜá´©Å  Translation failed for: Exported lists (admin accounts...
Ô£ô 30-question-security-audit-checklist-sme-it-managers
  ­ƒöä Translating audit-evidence-template-collect-map-track...
Ô£ô audit-evidence-template-collect-map-track
  ­ƒöä Translating audit-evidence-template-map-risks-proof-fixes...
Ô£ô audit-evidence-template-map-risks-proof-fixes
  ­ƒöä Translating build-practical-soc-smes-monitor-run...
Ô£ô build-practical-soc-smes-monitor-run
  ­ƒöä Translating cloud-cutover-runbook-waves-go-live-hypercare...
  ÔÜá´©Å  Translation failed for: Stop/go criteria: objective th...
  ÔÜá´©Å  Translation failed for: Rollback criteria and authorit...
  ÔÜá´©Å  Translation failed for: Validate schema/app version co...
  ÔÜá´©Å  Translation failed for: If feasible, run ÔÇ£dual writeÔÇØ ...
  ÔÜá´©Å  Translation failed for: 5) Traffic switch...
  ÔÜá´©Å  Translation failed for: Switch traffic gradually if po...
  ÔÜá´©Å  Translation failed for: Confirm health checks are mean...
  ÔÜá´©Å  Translation failed for: 6) Application validation (smo...
  ÔÜá´©Å  Translation failed for: Test the top workflows in the ...
  ÔÜá´©Å  Translation failed for: Validate security controls: au...
  ÔÜá´©Å  Translation failed for: 7) Observability and stability...
  ÔÜá´©Å  Translation failed for: Watch error rate, latency, res...
  ÔÜá´©Å  Translation failed for: Confirm alerts are firing to t...
  ÔÜá´©Å  Translation failed for: Example ÔÇ£smoke testÔÇØ set for a...
  ÔÜá´©Å  Translation failed for: [ ] DNS strategy set (TTL lowe...
  ÔÜá´©Å  Translation failed for: [ ] Dependency checks complete...
  ÔÜá´©Å  Translation failed for: [ ] Smoke tests written for to...
  ÔÜá´©Å  Translation failed for: [ ] Rollback plan includes cle...
  ÔÜá´©Å  Translation failed for: [ ] Hypercare plan defined: du...
  ÔÜá´©Å  Translation failed for: FAQ...
  ÔÜá´©Å  Translation failed for: 
Q1: WhatÔÇÖs the difference bet...
  ÔÜá´©Å  Translation failed for: Q2: Should we do a big-bang cu...
  ÔÜá´©Å  Translation failed for: Q3: How long should hypercare ...
Ô£ô cloud-cutover-runbook-waves-go-live-hypercare
  ­ƒöä Translating cloud-migration-cutover-runbook-small-it-team...
  ÔÜá´©Å  Translation failed for: Cloud Migration Cutover Runboo...
  ÔÜá´©Å  Translation failed for: 1) Define the cutover scope Wh...
  ÔÜá´©Å  Translation failed for: SME...
  ÔÜá´©Å  Translation failed for: runbook...
  ÔÜá´©Å  Translation failed for: cutover...
  ÔÜá´©Å  Translation failed for: migration...
  ÔÜá´©Å  Translation failed for: Security...
  ÔÜá´©Å  Translation failed for: Server cluster with migration ...
  ÔÜá´©Å  Translation failed for: Big-bang: full stop, final syn...
  ÔÜá´©Å  Translation failed for: Phased: migrate components ove...
  ÔÜá´©Å  Translation failed for: Parallel run: run old and new ...
  ÔÜá´©Å  Translation failed for: Practical SME tip: If you can,...
  ÔÜá´©Å  Translation failed for: Cutover execution: minute-by-m...
  ÔÜá´©Å  Translation failed for: 
During cutover, you need a ti...
  ÔÜá´©Å  Translation failed for: 1) Timeline structure...
  ÔÜá´©Å  Translation failed for: 
Write steps as:
...
  ÔÜá´©Å  Translation failed for: Step number...
  ÔÜá´©Å  Translation failed for: Owner...
  ÔÜá´©Å  Translation failed for: Action...
  ÔÜá´©Å  Translation failed for: Expected result...
  ÔÜá´©Å  Translation failed for: Validation method...
  ÔÜá´©Å  Translation failed for: Time estimate...
  ÔÜá´©Å  Translation failed for: Backout step (if this step fai...
  ÔÜá´©Å  Translation failed for: 
Example cutover slice:
...
  ÔÜá´©Å  Translation failed for: Step 12 (Data owner): Stop wri...
  ÔÜá´©Å  Translation failed for: Expected: no new transactions ...
  ÔÜá´©Å  Translation failed for: Validate: test transaction ret...
  ÔÜá´©Å  Translation failed for: Backout: disable maintenance m...
  ÔÜá´©Å  Translation failed for: Step 13 (Data owner): Run fina...
  ÔÜá´©Å  Translation failed for: Expected: sync completes with ...
  ÔÜá´©Å  Translation failed for: Validate: sync logs clean; row...
  ÔÜá´©Å  Translation failed for: Backout: keep legacy DB primar...
  ÔÜá´©Å  Translation failed for: Step 14 (Cloud operator): Swit...
  ÔÜá´©Å  Translation failed for: Expected: clients start resolv...
  ÔÜá´©Å  Translation failed for: Validate: query DNS from multi...
  ÔÜá´©Å  Translation failed for: Backout: revert DNS records; r...
  ÔÜá´©Å  Translation failed for: 2) Communications during cutov...
  ÔÜá´©Å  Translation failed for: Post a start message, midpoint...
  ÔÜá´©Å  Translation failed for: Avoid detailed internal troubl...
  ÔÜá´©Å  Translation failed for: Document who decides whether t...
  ÔÜá´©Å  Translation failed for: 3) Rollback triggers (define t...
  ÔÜá´©Å  Translation failed for: 
Rollback is a planned action,...
  ÔÜá´©Å  Translation failed for: Authentication/SSO failure aff...
  ÔÜá´©Å  Translation failed for: Data integrity issues discover...
  ÔÜá´©Å  Translation failed for: Error rates above agreed thres...
  ÔÜá´©Å  Translation failed for: Security control failure (e.g....
  ÔÜá´©Å  Translation failed for: 4) Rollback approach...
  ÔÜá´©Å  Translation failed for: 
Your rollback section should ...
  ÔÜá´©Å  Translation failed for: How to direct traffic back (DN...
  ÔÜá´©Å  Translation failed for: How to handle data written dur...
Ô£ô cloud-migration-cutover-runbook-small-it-team
  ­ƒöä Translating cloud-migration-cutover-runbook-steps-roles-hypercare...
Ô£ô cloud-migration-cutover-runbook-steps-roles-hypercare
  ­ƒöä Translating cloud-migration-runbook-waves-cutover-hypercare...
Ô£ô cloud-migration-runbook-waves-cutover-hypercare
  ­ƒöä Translating cloud-misconfigurations-catch-first-microsoft-365-aws...
  ÔÜá´©Å  Translation failed for: 
You donÔÇÖt need heavy bureaucr...
  ÔÜá´©Å  Translation failed for: A standard for what ÔÇ£publicÔÇØ v...
  ÔÜá´©Å  Translation failed for: Mandatory review for changes t...
  ÔÜá´©Å  Translation failed for: Infrastructure-as-code (where ...
  ÔÜá´©Å  Translation failed for: 
A practical SME approach:
...
  ÔÜá´©Å  Translation failed for: Pick a baseline aligned with a...
  ÔÜá´©Å  Translation failed for: Run a weekly review of high-ri...
Ô£ô cloud-misconfigurations-catch-first-microsoft-365-aws
  ­ƒöä Translating cloud-misconfigurations-smes-storage-iam-basics...
  ÔÜá´©Å  Translation failed for: )....
  ÔÜá´©Å  Translation failed for: Apply different guardrails: pu...
Ô£ô cloud-misconfigurations-smes-storage-iam-basics
  ­ƒöä Translating internal-security-audit-checklist-small-it-teams...
Ô£ô internal-security-audit-checklist-small-it-teams
  ­ƒöä Translating it-security-audit-prep-20-evidence-items-gather-now...
Ô£ô it-security-audit-prep-20-evidence-items-gather-now
  ­ƒöä Translating run-security-audit-new-saas-apps-60-minutes...
  ÔÜá´©Å  Translation failed for: What to capture in 10 minutes:...
Ô£ô run-security-audit-new-saas-apps-60-minutes
  ­ƒöä Translating secure-first-aws-account-day-one-settings...
Ô£ô secure-first-aws-account-day-one-settings
  ­ƒöä Translating secure-m365-10-settings-smes-review-first...
Ô£ô secure-m365-10-settings-smes-review-first
  ­ƒöä Translating secure-microsoft-365-tenant-one-afternoon...
Ô£ô secure-microsoft-365-tenant-one-afternoon
  ­ƒöä Translating security-audit-checklist-review-before-consultant...
Ô£ô security-audit-checklist-review-before-consultant
  ­ƒöä Translating sme-incident-response-playbook-contain-communicate-recover...
Ô£ô sme-incident-response-playbook-contain-communicate-recover
  ­ƒöä Translating sme-security-audit-checklist-30-days...
  ÔÜá´©Å  Translation failed for: Centralized logs for key syste...
  ÔÜá´©Å  Translation failed for: Alerting for high-impact event...
  ÔÜá´©Å  Translation failed for: 
Practical example:
...
  ÔÜá´©Å  Translation failed for: If someone adds a new global a...
  ÔÜá´©Å  Translation failed for: 2) Review third-party and SaaS...
  ÔÜá´©Å  Translation failed for: 
SMEs often outsource importan...
Ô£ô sme-security-audit-checklist-30-days
  ­ƒöä Translating soc-alert-triage-playbook-small-teams...
Ô£ô soc-alert-triage-playbook-small-teams
  ­ƒöä Translating soc-alert-triage-workflow-small-it-teams...
Ô£ô soc-alert-triage-workflow-small-it-teams
  ­ƒöä Translating soc-alerts-triage-playbook-small-it-teams...
Ô£ô soc-alerts-triage-playbook-small-it-teams
  ­ƒöä Translating soc-noise-reduction-checklist-smes-first-30-days...
  ÔÜá´©Å  Translation failed for: 
Missing or inconsistent ident...
  ÔÜá´©Å  Translation failed for: Email authentication and acces...
  ÔÜá´©Å  Translation failed for: Remote access/VPN...
  ÔÜá´©Å  Translation failed for: Administrator actions (privile...
  ÔÜá´©Å  Translation failed for: Endpoint process activity (at ...
  ÔÜá´©Å  Translation failed for: 4) Reduce duplicates at the so...
  ÔÜá´©Å  Translation failed for: 
If the same event is reported...
Ô£ô soc-noise-reduction-checklist-smes-first-30-days
  ­ƒöä Translating soc-onboarding-checklist-smes-alerts-reporting...
  ÔÜá´©Å  Translation failed for: Account takeover in email/IdP ...
  ÔÜá´©Å  Translation failed for: Ransomware precursors (mass fi...
  ÔÜá´©Å  Translation failed for: Business email compromise (new...
Ô£ô soc-onboarding-checklist-smes-alerts-reporting
  ­ƒöä Translating soc-playbook-smes-triage-phishing-alerts-15-minutes...
  ÔÜá´©Å  Translation failed for: Your classification and ration...
  ÔÜá´©Å  Translation failed for: Containment steps taken (or wh...
  ÔÜá´©Å  Translation failed for: 2) Rapid validation: a small s...
  ÔÜá´©Å  Translation failed for: 
You donÔÇÖt need a full forensi...
  ÔÜá´©Å  Translation failed for: A. Sender and identity checks...
Ô£ô soc-playbook-smes-triage-phishing-alerts-15-minutes
  ­ƒöä Translating soc-playbook-triage-escalate-sme-alerts...
Ô£ô soc-playbook-triage-escalate-sme-alerts
  ­ƒöä Translating soc-triage-checklist-smes-alert-escalation...
  ÔÜá´©Å  Translation failed for: checklist...
  ÔÜá´©Å  Translation failed for: escalation...
  ÔÜá´©Å  Translation failed for: Security...
  ÔÜá´©Å  Translation failed for: triage...
  ÔÜá´©Å  Translation failed for: Analyst reviewing clustered se...
  ÔÜá´©Å  Translation failed for: Intro...
  ÔÜá´©Å  Translation failed for: 
Most small and mid-sized busi...
  ÔÜá´©Å  Translation failed for: Quick take...
  ÔÜá´©Å  Translation failed for: Treat triage as a decision wor...
  ÔÜá´©Å  Translation failed for: Start with data quality checks...
  ÔÜá´©Å  Translation failed for: Use a consistent severity mode...
  ÔÜá´©Å  Translation failed for: Collect minimal, high-value ev...
  ÔÜá´©Å  Translation failed for: Define escalation triggers in ...
  ÔÜá´©Å  Translation failed for: 1) Before you triage: set up t...
  ÔÜá´©Å  Translation failed for: 
Triage is much easier when a ...
  ÔÜá´©Å  Translation failed for: Asset and identity basics:...
  ÔÜá´©Å  Translation failed for:  Maintain a simple inventory (...
  ÔÜá´©Å  Translation failed for: Log sources you can trust:...
  ÔÜá´©Å  Translation failed for:  Prioritize authentication log...
  ÔÜá´©Å  Translation failed for: Roles and handoffs:...
Ô£ô soc-triage-checklist-smes-alert-escalation
  ­ƒöä Translating soc-triage-checklist-smes-reduce-alert-noise-fast...
Ô£ô soc-triage-checklist-smes-reduce-alert-noise-fast
Ô£à Blog posts compiled to C:\Users\yainf\.vscode\skynet\public\blog-data
